
> bridge-app@1.0.0 web
> expo start --web

Starting project at /app
Starting Metro Bundler
The following packages should be updated for best compatibility with the installed expo version:
  expo-image@1.13.0 - expected version: ~3.0.11
Your project may not work correctly until you install the expected versions of the packages.
Waiting on http://localhost:8081
Logs for your project will appear below.
Web node_modules/expo/AppEntry.js ░░░░░░░░░░░░░░░░  0.0% (0/1)
Web node_modules/expo/AppEntry.js ▓▓▓▓▓▓▓▓▓▓▓▓▓▓▓░ 96.5% (72/91)
Web node_modules/expo/AppEntry.js ▓▓▓▓▓▓▓▓▓▓▓▓▓▓▓░ 96.5% (127/286)
Web node_modules/expo/AppEntry.js ▓▓▓▓▓▓▓▓▓▓▓▓▓▓▓░ 96.5% (234/502)
Web node_modules/expo/AppEntry.js ▓▓▓▓▓▓▓▓▓▓▓▓▓▓▓░ 96.5% (306/580)
Web node_modules/expo/AppEntry.js ▓▓▓▓▓▓▓▓▓▓▓▓▓▓▓░ 96.5% ( 507/2534)
Web node_modules/expo/AppEntry.js ▓▓▓▓▓▓▓▓▓▓▓▓▓▓▓░ 96.5% (1215/2700)
Web node_modules/expo/AppEntry.js ▓▓▓▓▓▓▓▓▓▓▓▓▓▓▓░ 96.5% (2543/2787)
Web node_modules/expo/AppEntry.js ▓▓▓▓▓▓▓▓▓▓▓▓▓▓▓░ 96.5% (2897/2992)
Web Bundling failed 29979ms node_modules/expo/AppEntry.js (3242 modules)
 ERROR  Importing native-only module "react-native/Libraries/Utilities/codegenNativeCommands" on web from: node_modules/react-native-maps/lib/MapMarkerNativeComponent.js

Import stack:

 node_modules/react-native-maps/lib/MapMarkerNativeComponent.js
 | import "react-native/Libraries/Utilities/codegenNativeCommands"
           ^ Importing react-native internals is not supported on web.

 node_modules/react-native-maps/lib/MapMarker.js
 | import "./MapMarkerNativeComponent"

 node_modules/react-native-maps/lib/index.js
 | import "./MapMarker"

 src/screens/onboarding/steps/WhereLiveNowStep.tsx
 | import "react-native-maps"

 src/screens/onboarding/OnboardingScreen.tsx
 | import "./steps/WhereLiveNowStep"

 src/navigation/AppNavigator.tsx
 | import "../screens/onboarding/OnboardingScreen"

 App.tsx
 | import "./src/navigation/AppNavigator"

 node_modules/expo/AppEntry.js
 | import "../../App"


 | import "./node_modules/expo/AppEntry"

Web node_modules/expo/AppEntry.js ░░░░░░░░░░░░░░░░  0.0% (0/1)
Web Bundling failed 2634ms node_modules/expo/AppEntry.js (3249 modules)
 ERROR  Importing native-only module "react-native/Libraries/Utilities/codegenNativeCommands" on web from: node_modules/react-native-maps/lib/MapMarkerNativeComponent.js

Import stack:

 node_modules/react-native-maps/lib/MapMarkerNativeComponent.js
 | import "react-native/Libraries/Utilities/codegenNativeCommands"
           ^ Importing react-native internals is not supported on web.

 node_modules/react-native-maps/lib/MapMarker.js
 | import "./MapMarkerNativeComponent"

 node_modules/react-native-maps/lib/index.js
 | import "./MapMarker"

 src/screens/onboarding/steps/WhereLiveNowStep.tsx
 | import "react-native-maps"

 src/screens/onboarding/OnboardingScreen.tsx
 | import "./steps/WhereLiveNowStep"

 src/navigation/AppNavigator.tsx
 | import "../screens/onboarding/OnboardingScreen"

 App.tsx
 | import "./src/navigation/AppNavigator"

 node_modules/expo/AppEntry.js
 | import "../../App"


 | import "./node_modules/expo/AppEntry"

Web node_modules/expo/AppEntry.js ░░░░░░░░░░░░░░░░  0.0% (0/1)
Web Bundling failed 1827ms node_modules/expo/AppEntry.js (3171 modules)
 ERROR  Importing native-only module "react-native/Libraries/Utilities/codegenNativeCommands" on web from: node_modules/react-native-maps/lib/MapMarkerNativeComponent.js

Import stack:

 node_modules/react-native-maps/lib/MapMarkerNativeComponent.js
 | import "react-native/Libraries/Utilities/codegenNativeCommands"
           ^ Importing react-native internals is not supported on web.

 node_modules/react-native-maps/lib/MapMarker.js
 | import "./MapMarkerNativeComponent"

 node_modules/react-native-maps/lib/index.js
 | import "./MapMarker"

 src/screens/onboarding/steps/WhereLiveNowStep.tsx
 | import "react-native-maps"

 src/screens/onboarding/OnboardingScreen.tsx
 | import "./steps/WhereLiveNowStep"

 src/navigation/AppNavigator.tsx
 | import "../screens/onboarding/OnboardingScreen"

 App.tsx
 | import "./src/navigation/AppNavigator"

 node_modules/expo/AppEntry.js
 | import "../../App"


 | import "./node_modules/expo/AppEntry"
